2026-10-02 11:37:24 [main] INFO  r.g.a.AssistantTelegramApplication - Starting AssistantTelegramApplication using Java 17.0.12 with PID 6404 (C:\Users\user\IdeaProjects\RepairAIAssistant\assistant-telegram\target\classes started by user in C:\Users\user\IdeaProjects\RepairAIAssistant\assistant-telegram)
2026-10-02 11:37:24 [main] DEBUG r.g.a.AssistantTelegramApplication - Running with Spring Boot v3.5.4, Spring v6.2.9
2026-10-02 11:37:24 [main] INFO  r.g.a.AssistantTelegramApplication - No active profile set, falling back to 1 default profile: "default"
2026-10-02 11:37:25 [main] INFO  o.s.b.w.e.tomcat.TomcatWebServer - Tomcat initialized with port 8082 (http)
2026-10-02 11:37:25 [main] INFO  o.a.catalina.core.StandardService - Starting service [Tomcat]
2026-10-02 11:37:25 [main] INFO  o.a.catalina.core.StandardEngine - Starting Servlet engine: [Apache Tomcat/10.1.43]
2026-10-02 11:37:25 [main] INFO  o.a.c.c.C.[Tomcat].[localhost].[/] - Initializing Spring embedded WebApplicationContext
2026-10-02 11:37:25 [main] INFO  o.s.b.w.s.c.ServletWebServerApplicationContext - Root WebApplicationContext: initialization completed in 747 ms
2026-10-02 11:37:25 [main] INFO  o.s.b.f.a.AutowiredAnnotationBeanPostProcessor - Autowired annotation should only be used on methods with parameters: public void ru.georgdeveloper.assistanttelegram.service.TelegramBotService.initializeDocumentHandler()
2026-10-02 11:37:25 [main] INFO  r.g.a.config.BotConfig - Попытка 1 регистрации Telegram бота...
2026-10-02 11:37:26 [main] INFO  r.g.a.config.BotConfig - Telegram бот успешно зарегистрирован
2026-10-02 11:37:26 [main] INFO  o.s.b.w.e.tomcat.TomcatWebServer - Tomcat started on port 8082 (http) with context path '/'
2026-10-02 11:37:26 [main] INFO  r.g.a.AssistantTelegramApplication - Started AssistantTelegramApplication in 2.255 seconds (process running for 2.48)
2026-10-02 11:37:26 [main] INFO  r.g.a.AssistantTelegramApplication - ? Telegram Bot запущен на порту 8082
2026-10-02 11:37:26 [main] INFO  r.g.a.AssistantTelegramApplication - ? Bot подключен к Telegram API
2026-10-02 15:44:27 [main] INFO  r.g.a.AssistantTelegramApplication - Starting AssistantTelegramApplication using Java 17.0.12 with PID 26620 (C:\Users\user\IdeaProjects\RepairAIAssistant\assistant-telegram\target\classes started by user in C:\Users\user\IdeaProjects\RepairAIAssistant\assistant-telegram)
2026-10-02 15:44:27 [main] DEBUG r.g.a.AssistantTelegramApplication - Running with Spring Boot v3.5.4, Spring v6.2.9
2026-10-02 15:44:27 [main] INFO  r.g.a.AssistantTelegramApplication - No active profile set, falling back to 1 default profile: "default"
2026-10-02 15:44:27 [main] INFO  o.s.b.w.e.tomcat.TomcatWebServer - Tomcat initialized with port 8082 (http)
2026-10-02 15:44:27 [main] INFO  o.a.catalina.core.StandardService - Starting service [Tomcat]
2026-10-02 15:44:27 [main] INFO  o.a.catalina.core.StandardEngine - Starting Servlet engine: [Apache Tomcat/10.1.43]
2026-10-02 15:44:27 [main] INFO  o.a.c.c.C.[Tomcat].[localhost].[/] - Initializing Spring embedded WebApplicationContext
2026-10-02 15:44:27 [main] INFO  o.s.b.w.s.c.ServletWebServerApplicationContext - Root WebApplicationContext: initialization completed in 686 ms
2026-10-02 15:44:28 [main] INFO  o.s.b.f.a.AutowiredAnnotationBeanPostProcessor - Autowired annotation should only be used on methods with parameters: public void ru.georgdeveloper.assistanttelegram.service.TelegramBotService.initializeDocumentHandler()
2026-10-02 15:44:28 [main] INFO  r.g.a.config.BotConfig - Попытка 1 регистрации Telegram бота...
