2026-10-02 11:37:24 [main] INFO  r.g.a.AssistantYandexbotApplication - Starting AssistantYandexbotApplication using Java 17.0.12 with PID 15288 (C:\Users\user\IdeaProjects\RepairAIAssistant\assistant-yandexbot\target\classes started by user in C:\Users\user\IdeaProjects\RepairAIAssistant\assistant-yandexbot)
2026-10-02 11:37:24 [main] DEBUG r.g.a.AssistantYandexbotApplication - Running with Spring Boot v3.5.4, Spring v6.2.9
2026-10-02 11:37:24 [main] INFO  r.g.a.AssistantYandexbotApplication - No active profile set, falling back to 1 default profile: "default"
2026-10-02 11:37:25 [main] INFO  o.s.b.w.e.tomcat.TomcatWebServer - Tomcat initialized with port 8086 (http)
2026-10-02 11:37:25 [main] INFO  o.a.catalina.core.StandardService - Starting service [Tomcat]
2026-10-02 11:37:25 [main] INFO  o.a.catalina.core.StandardEngine - Starting Servlet engine: [Apache Tomcat/10.1.43]
2026-10-02 11:37:25 [main] INFO  o.a.c.c.C.[Tomcat].[localhost].[/] - Initializing Spring embedded WebApplicationContext
2026-10-02 11:37:25 [main] INFO  o.s.b.w.s.c.ServletWebServerApplicationContext - Root WebApplicationContext: initialization completed in 754 ms
2026-10-02 11:37:25 [main] WARN  r.g.a.s.YandexPollingOffsetStore - Файл offset не найден (C:\Users\user\IdeaProjects\RepairAIAssistant\assistant-yandexbot\data\yandex-polling.offset), начинаем с offset=0
2026-10-02 11:37:25 [main] INFO  r.g.a.s.YandexPollingOffsetStore - Старт: сброс накопленной очереди getUpdates без ответов пользователям (отключите yandex.bot.polling.drain-backlog-on-startup=false, если не нужно)
2026-10-02 11:37:25 [main] INFO  o.s.b.w.e.tomcat.TomcatWebServer - Tomcat started on port 8086 (http) with context path '/'
2026-10-02 11:37:25 [main] INFO  r.g.a.AssistantYandexbotApplication - Started AssistantYandexbotApplication in 1.485 seconds (process running for 1.724)
2026-10-02 11:37:25 [main] INFO  r.g.a.AssistantYandexbotApplication - Yandex Messenger bot module started (Bot API: https://yandex.ru/dev/messenger/doc/ru/)
2026-10-02 11:37:26 [scheduling-1] INFO  r.g.a.s.YandexPollingOffsetStore - Очередь getUpdates сброшена (offset=0). Обрабатываются только новые сообщения.
2026-10-02 15:44:27 [main] INFO  r.g.a.AssistantYandexbotApplication - Starting AssistantYandexbotApplication using Java 17.0.12 with PID 26512 (C:\Users\user\IdeaProjects\RepairAIAssistant\assistant-yandexbot\target\classes started by user in C:\Users\user\IdeaProjects\RepairAIAssistant\assistant-yandexbot)
2026-10-02 15:44:27 [main] DEBUG r.g.a.AssistantYandexbotApplication - Running with Spring Boot v3.5.4, Spring v6.2.9
2026-10-02 15:44:27 [main] INFO  r.g.a.AssistantYandexbotApplication - No active profile set, falling back to 1 default profile: "default"
2026-10-02 15:44:27 [main] INFO  o.s.b.w.e.tomcat.TomcatWebServer - Tomcat initialized with port 8086 (http)
2026-10-02 15:44:27 [main] INFO  o.a.catalina.core.StandardService - Starting service [Tomcat]
2026-10-02 15:44:27 [main] INFO  o.a.catalina.core.StandardEngine - Starting Servlet engine: [Apache Tomcat/10.1.43]
2026-10-02 15:44:27 [main] INFO  o.a.c.c.C.[Tomcat].[localhost].[/] - Initializing Spring embedded WebApplicationContext
2026-10-02 15:44:27 [main] INFO  o.s.b.w.s.c.ServletWebServerApplicationContext - Root WebApplicationContext: initialization completed in 713 ms
2026-10-02 15:44:27 [main] WARN  r.g.a.s.YandexPollingOffsetStore - Файл offset не найден (C:\Users\user\IdeaProjects\RepairAIAssistant\assistant-yandexbot\data\yandex-polling.offset), начинаем с offset=0
2026-10-02 15:44:27 [main] INFO  r.g.a.s.YandexPollingOffsetStore - Старт: сброс накопленной очереди getUpdates без ответов пользователям (отключите yandex.bot.polling.drain-backlog-on-startup=false, если не нужно)
2026-10-02 15:44:28 [main] INFO  o.s.b.w.e.tomcat.TomcatWebServer - Tomcat started on port 8086 (http) with context path '/'
2026-10-02 15:44:28 [main] INFO  r.g.a.AssistantYandexbotApplication - Started AssistantYandexbotApplication in 1.442 seconds (process running for 1.714)
2026-10-02 15:44:28 [main] INFO  r.g.a.AssistantYandexbotApplication - Yandex Messenger bot module started (Bot API: https://yandex.ru/dev/messenger/doc/ru/)
2026-10-02 15:44:28 [scheduling-1] INFO  r.g.a.s.YandexPollingOffsetStore - Очередь getUpdates сброшена (offset=0). Обрабатываются только новые сообщения.
