2026-10-02 11:37:24 [main] INFO  r.g.a.AssistantAiApplication - Starting AssistantAiApplication using Java 17.0.12 with PID 10768 (C:\Users\user\IdeaProjects\RepairAIAssistant\assistant-ai\target\classes started by user in C:\Users\user\IdeaProjects\RepairAIAssistant\assistant-ai)
2026-10-02 11:37:24 [main] DEBUG r.g.a.AssistantAiApplication - Running with Spring Boot v3.5.4, Spring v6.2.9
2026-10-02 11:37:24 [main] INFO  r.g.a.AssistantAiApplication - No active profile set, falling back to 1 default profile: "default"
2026-10-02 11:37:24 [main] INFO  o.s.b.w.e.tomcat.TomcatWebServer - Tomcat initialized with port 8085 (http)
2026-10-02 11:37:24 [main] INFO  o.a.catalina.core.StandardService - Starting service [Tomcat]
2026-10-02 11:37:24 [main] INFO  o.a.catalina.core.StandardEngine - Starting Servlet engine: [Apache Tomcat/10.1.43]
2026-10-02 11:37:25 [main] INFO  o.a.c.c.C.[Tomcat].[localhost].[/] - Initializing Spring embedded WebApplicationContext
2026-10-02 11:37:25 [main] INFO  o.s.b.w.s.c.ServletWebServerApplicationContext - Root WebApplicationContext: initialization completed in 730 ms
2026-10-02 11:37:25 [main] INFO  r.g.a.service.ModelTrainingService - Загружено 64 примеров для обучения
2026-10-02 11:37:25 [main] INFO  r.g.a.service.ModelTrainingService - Добавлено 10736 примеров из repair_instructions.json
2026-10-02 11:37:25 [main] INFO  o.s.b.w.e.tomcat.TomcatWebServer - Tomcat started on port 8085 (http) with context path '/'
2026-10-02 11:37:25 [main] INFO  r.g.a.AssistantAiApplication - Started AssistantAiApplication in 1.451 seconds (process running for 1.715)
2026-10-02 15:44:26 [main] INFO  r.g.a.AssistantAiApplication - Starting AssistantAiApplication using Java 17.0.12 with PID 26064 (C:\Users\user\IdeaProjects\RepairAIAssistant\assistant-ai\target\classes started by user in C:\Users\user\IdeaProjects\RepairAIAssistant\assistant-ai)
2026-10-02 15:44:26 [main] DEBUG r.g.a.AssistantAiApplication - Running with Spring Boot v3.5.4, Spring v6.2.9
2026-10-02 15:44:26 [main] INFO  r.g.a.AssistantAiApplication - No active profile set, falling back to 1 default profile: "default"
2026-10-02 15:44:27 [main] INFO  o.s.b.w.e.tomcat.TomcatWebServer - Tomcat initialized with port 8085 (http)
2026-10-02 15:44:27 [main] INFO  o.a.catalina.core.StandardService - Starting service [Tomcat]
2026-10-02 15:44:27 [main] INFO  o.a.catalina.core.StandardEngine - Starting Servlet engine: [Apache Tomcat/10.1.43]
2026-10-02 15:44:27 [main] INFO  o.a.c.c.C.[Tomcat].[localhost].[/] - Initializing Spring embedded WebApplicationContext
2026-10-02 15:44:27 [main] INFO  o.s.b.w.s.c.ServletWebServerApplicationContext - Root WebApplicationContext: initialization completed in 693 ms
2026-10-02 15:44:27 [main] INFO  r.g.a.service.ModelTrainingService - Загружено 64 примеров для обучения
2026-10-02 15:44:27 [main] INFO  r.g.a.service.ModelTrainingService - Добавлено 10736 примеров из repair_instructions.json
2026-10-02 15:44:27 [main] INFO  o.s.b.w.e.tomcat.TomcatWebServer - Tomcat started on port 8085 (http) with context path '/'
2026-10-02 15:44:27 [main] INFO  r.g.a.AssistantAiApplication - Started AssistantAiApplication in 1.417 seconds (process running for 1.705)
